exit_code:
1
stdout:

stderr:
Failed to append a benchmark: Duplicate benchmark name Group1/Case1.

