exit_code:
0
stdout:
cpp-stat-bench 0.17.1

Benchmark start at <time>

Time resolution:          n sec.

========================================================================================================================
Processing Time
========================================================================================================================

>> Group1
                                                                                Time [us]                     
                                                            Iterations Samples       Mean Std. Err.       Max Custom Outputs (mean)
------------------------------------------------------------------------------------------------------------------------
Case1                                                                 n        n           n          n          n 

========================================================================================================================
Mean Processing Time
========================================================================================================================

>> Group1
                                                                                Time [us]                     
                                                            Iterations Samples       Mean Std. Err.       Max Custom Outputs (mean)
------------------------------------------------------------------------------------------------------------------------
Case1                                                                 n        n           n          n          n 

Benchmark finished at <time>

stderr:

