exit_code:
0
stdout:
cpp-stat-bench 0.26.0

Benchmark start at <time>

Time resolution:          n sec.

========================================================================================================================
Error
========================================================================================================================

>> Processing Time
                                                                                Time [us]                     
                                                            Iterations Samples       Mean Std. Err.       Max Custom Outputs (mean)
------------------------------------------------------------------------------------------------------------------------
[38;2;255;000;000mthrowing function                                           Test exception.[0m

>> Mean Processing Time
                                                                                Time [us]                     
                                                            Iterations Samples       Mean Std. Err.       Max Custom Outputs (mean)
------------------------------------------------------------------------------------------------------------------------
[38;2;255;000;000mthrowing function                                           Test exception.[0m

Benchmark finished at <time>

stderr:

