exit_code:
0
stdout:
cpp-stat-bench 0.15.3

Benchmark start at <time>

Time resolution:          n sec.

========================================================================================================================
Processing Time
========================================================================================================================

>> Group2
                                                                                Time [us]                     
                                                            Iterations Samples       Mean Std. Err.       Max Custom Outputs (mean)
------------------------------------------------------------------------------------------------------------------------
Case3 ()                                                              n        n           n          n          n 

========================================================================================================================
Mean Processing Time
========================================================================================================================

>> Group2
                                                                                Time [us]                     
                                                            Iterations Samples       Mean Std. Err.       Max Custom Outputs (mean)
------------------------------------------------------------------------------------------------------------------------
Case3 ()                                                              n        n           n          n          n 

Benchmark finished at <time>

stderr:

