exit_code:
0
stdout:
cpp-stat-bench 0.26.0

Benchmark start at <time>

Time resolution:          n sec.

========================================================================================================================
FibonacciParametrized
========================================================================================================================

>> Processing Time
                                                                                Time [us]                     
                                                            Iterations Samples       Mean Std. Err.       Max Custom Outputs (mean)
------------------------------------------------------------------------------------------------------------------------
Fibonacci (number=5)                                                  n        n           n          n          n result=         n, 
Fibonacci (number=10)                                                 n        n           n          n          n result=         n, 
Fibonacci (number=15)                                                 n        n           n          n          n result=         n, 

>> Mean Processing Time
                                                                                Time [us]                     
                                                            Iterations Samples       Mean Std. Err.       Max Custom Outputs (mean)
------------------------------------------------------------------------------------------------------------------------
Fibonacci (number=5)                                                  n        n           n          n          n result=         n, 
Fibonacci (number=10)                                                 n        n           n          n          n result=         n, 
Fibonacci (number=15)                                                 n        n           n          n          n result=         n, 

========================================================================================================================
VectorPushBackParametrized
========================================================================================================================

>> Processing Time
                                                                                Time [us]                     
                                                            Iterations Samples       Mean Std. Err.       Max Custom Outputs (mean)
------------------------------------------------------------------------------------------------------------------------
VectorPushBack (size=8, reserve=false)                                n        n           n          n          n throughput_stat=         n, processed_numbers=         n, 
VectorPushBack (size=8, reserve=true)                                 n        n           n          n          n throughput_stat=         n, processed_numbers=         n, 
VectorPushBack (size=64, reserve=false)                               n        n           n          n          n throughput_stat=         n, processed_numbers=         n, 
VectorPushBack (size=64, reserve=true)                                n        n           n          n          n throughput_stat=         n, processed_numbers=         n, 
VectorPushBack (size=512, reserve=false)                              n        n           n          n          n throughput_stat=         n, processed_numbers=         n, 
VectorPushBack (size=512, reserve=true)                               n        n           n          n          n throughput_stat=         n, processed_numbers=         n, 

>> Mean Processing Time
                                                                                Time [us]                     
                                                            Iterations Samples       Mean Std. Err.       Max Custom Outputs (mean)
------------------------------------------------------------------------------------------------------------------------
VectorPushBack (size=8, reserve=false)                                n        n           n          n          n throughput_stat=         n, processed_numbers=         n, 
VectorPushBack (size=8, reserve=true)                                 n        n           n          n          n throughput_stat=         n, processed_numbers=         n, 
VectorPushBack (size=64, reserve=false)                               n        n           n          n          n throughput_stat=         n, processed_numbers=         n, 
VectorPushBack (size=64, reserve=true)                                n        n           n          n          n throughput_stat=         n, processed_numbers=         n, 
VectorPushBack (size=512, reserve=false)                              n        n           n          n          n throughput_stat=         n, processed_numbers=         n, 
VectorPushBack (size=512, reserve=true)                               n        n           n          n          n throughput_stat=         n, processed_numbers=         n, 

Benchmark finished at <time>

stderr:

