exit_code:
1
stdout:

stderr:
Error: Unrecognized token: --any

