cpp-stat-bench 0.19.0

Benchmark start at <time>

Time resolution: <float3> sec.

========================================================================================================================
Measurement1
========================================================================================================================

>> Group1
                                                                                Time [us]                     
                                                            Iterations Samples       Mean Std. Err.       Max Custom Outputs (mean)
------------------------------------------------------------------------------------------------------------------------
Case1 (threads=1, param=value)                                    1000       2      1,500       500     2,000 
Case2 (threads=1, param=value)                                    1000       3      4,000       577     5,000 
e[38;2;255;000;000mCase3 (threads=1, param=value)                              Test exception.e[0m

Benchmark finished at <time>

