cpp-stat-bench 0.15.3

Benchmark start at <time>

Time resolution: <resolution> sec.

========================================================================================================================
Measurement1
========================================================================================================================

>> Group1
                                                            Iterations Samples Mean [us]  Max [us] Custom Outputs (mean)
------------------------------------------------------------------------------------------------------------------------
Case1 (param=value, threads=1)                                    1000       1    1.2345    1.2345 
Case2 (param=value, threads=1)                                    1000       1     1,234     1,234 
Case3 (param=value, threads=1)                                    1000       1 1,234,567 1,234,567 

Benchmark finished at <time>

