<!DOCTYPE html>
<html>

<head>
    <meta charset="utf-8" />
    <title>Violin Plot of Measurement1</title>
    <style>
        html,
        body,
        .container {
            height: 100%;
            width: 100%;
            margin: 0px;
        }
    </style>
</head>

<body>
    <div id="plot" class="container"></div>

    <!-- Import Plotly -->
    <script src="https://cdn.plot.ly/plotly-2.35.0.min.js" charset="utf-8"></script>

    <div id="dataset" style="display:none">
        {&quot;config&quot;:{&quot;responsive&quot;:true,&quot;scrollZoom&quot;:true},&quot;data&quot;:[{&quot;box&quot;:{&quot;visible&quot;:true},&quot;meanline&quot;:{&quot;visible&quot;:true},&quot;name&quot;:&quot;Case1 (param=value, threads=1)&quot;,&quot;points&quot;:&quot;outliers&quot;,&quot;type&quot;:&quot;violin&quot;,&quot;y&quot;:[0.001,0.002]},{&quot;box&quot;:{&quot;visible&quot;:true},&quot;meanline&quot;:{&quot;visible&quot;:true},&quot;name&quot;:&quot;Case2 (param=value, threads=1)&quot;,&quot;points&quot;:&quot;outliers&quot;,&quot;type&quot;:&quot;violin&quot;,&quot;y&quot;:[0.003,0.004,0.005]}],&quot;layout&quot;:{&quot;showlegend&quot;:true,&quot;title&quot;:&quot;Violin Plot of Measurement1&quot;,&quot;yaxis&quot;:{&quot;constrain&quot;:&quot;range&quot;,&quot;range&quot;:[-3.1760912590556813,-2.1249387366083],&quot;title&quot;:&quot;Time [sec]&quot;,&quot;type&quot;:&quot;log&quot;}}}
    </div>

    <script type="text/javascript">
        var dataset_str = document.querySelector('#dataset').textContent
        var dataset = JSON.parse(dataset_str);

        Plotly.newPlot("plot", dataset.data, dataset.layout, dataset.config);
    </script>
</body>

</html>

