<!DOCTYPE html>
<html>
    <head>
        <meta charset="utf-8" />
        <title>Cumulative Distribution Function of Measurement1</title>
    </head>
    <body>
        <div id="plot" class="container"></div>
        <div id="dataset" style="display:none">{&quot;data&quot;:[{&quot;type&quot;:&quot;scatter&quot;,&quot;mode&quot;:&quot;lines&quot;,&quot;x&quot;:[0.001,0.002,0.002,0.003,0.02],&quot;y&quot;:[0.2,0.4,0.6,0.8,1.0],&quot;name&quot;:&quot;Case1 (threads=1, param=value)&quot;},{&quot;type&quot;:&quot;scatter&quot;,&quot;mode&quot;:&quot;lines&quot;,&quot;x&quot;:[0.8,0.9,1.0],&quot;y&quot;:[0.3333333333333333,0.6666666666666666,1.0],&quot;name&quot;:&quot;Case2 (threads=1, param=value)&quot;}],&quot;layout&quot;:{&quot;title&quot;:{&quot;text&quot;:&quot;Cumulative Distribution Function of Measurement1&quot;},&quot;showlegend&quot;:true,&quot;xaxis&quot;:{&quot;title&quot;:{&quot;text&quot;:&quot;Time [sec]&quot;},&quot;type&quot;:&quot;log&quot;},&quot;yaxis&quot;:{&quot;title&quot;:{&quot;text&quot;:&quot;Cumulative Probability&quot;}}},&quot;config&quot;:{&quot;scrollZoom&quot;:true,&quot;responsive&quot;:true}}</div>
    </body>
    <style>
        html,
        body,
        .container {
            height: 100%;
            width: 100%;
            margin: 0px;
        }
    </style>
    <script src="https://cdn.jsdelivr.net/npm/mathjax@3.2.2/es5/tex-svg.js"></script>
    <script src="https://cdn.plot.ly/plotly-3.0.1.min.js" charset="utf-8"></script>
    <script type="text/javascript">
        var dataset_str = document.querySelector('#dataset').textContent;
        var dataset = JSON.parse(dataset_str);
        Plotly.newPlot("plot", dataset.data, dataset.layout, dataset.config);
    </script>
</html>

