<!DOCTYPE html>
<html>
    <head>
        <meta charset="utf-8" />
        <title>Measurer</title>
    </head>
    <body>
        <div id="plot" class="container"></div>
        <div id="dataset" style="display:none">{&quot;data&quot;:[{&quot;type&quot;:&quot;violin&quot;,&quot;box&quot;:{&quot;visible&quot;:true},&quot;meanline&quot;:{&quot;visible&quot;:true},&quot;points&quot;:&quot;outliers&quot;,&quot;x&quot;:[1,1,1,2,2,2,5,5,5],&quot;y&quot;:[1.0,2.0,3.0,4.0,5.0,6.0,7.0,8.0,9.0],&quot;name&quot;:&quot;Case1 (Parameter2=value1, threads=1)&quot;,&quot;legendgroup&quot;:&quot;Case1 (Parameter2=value1, threads=1)&quot;},{&quot;type&quot;:&quot;violin&quot;,&quot;box&quot;:{&quot;visible&quot;:true},&quot;meanline&quot;:{&quot;visible&quot;:true},&quot;points&quot;:&quot;outliers&quot;,&quot;x&quot;:[1,1,1,2,2,2,5,5,5],&quot;y&quot;:[2.0,3.0,4.0,5.0,6.0,7.0,8.0,9.0,10.0],&quot;name&quot;:&quot;Case1 (Parameter2=value2, threads=1)&quot;,&quot;legendgroup&quot;:&quot;Case1 (Parameter2=value2, threads=1)&quot;},{&quot;type&quot;:&quot;violin&quot;,&quot;box&quot;:{&quot;visible&quot;:true},&quot;meanline&quot;:{&quot;visible&quot;:true},&quot;points&quot;:&quot;outliers&quot;,&quot;x&quot;:[1,1,1,2,2,2],&quot;y&quot;:[3.0,4.0,5.0,6.0,7.0,8.0],&quot;name&quot;:&quot;Case2 (threads=1)&quot;,&quot;legendgroup&quot;:&quot;Case2 (threads=1)&quot;}],&quot;layout&quot;:{&quot;title&quot;:{&quot;text&quot;:&quot;Measurer&quot;},&quot;showlegend&quot;:true,&quot;xaxis&quot;:{&quot;title&quot;:{&quot;text&quot;:&quot;Parameter1&quot;},&quot;type&quot;:&quot;category&quot;},&quot;yaxis&quot;:{&quot;title&quot;:{&quot;text&quot;:&quot;Time [sec]&quot;},&quot;type&quot;:&quot;log&quot;,&quot;range&quot;:[-0.17,1.17],&quot;constrain&quot;:&quot;range&quot;},&quot;violinmode&quot;:&quot;group&quot;},&quot;config&quot;:{&quot;scrollZoom&quot;:true,&quot;responsive&quot;:true}}</div>
    </body>
    <style>
        html,
        body,
        .container {
            height: 100%;
            width: 100%;
            margin: 0px;
        }
    </style>
    <script src="https://cdn.jsdelivr.net/npm/mathjax@3.2.2/es5/tex-svg.js"></script>
    <script src="https://cdn.plot.ly/plotly-3.0.1.min.js" charset="utf-8"></script>
    <script type="text/javascript">
        var dataset_str = document.querySelector('#dataset').textContent;
        var dataset = JSON.parse(dataset_str);
        Plotly.newPlot("plot", dataset.data, dataset.layout, dataset.config);
    </script>
</html>

