<!DOCTYPE html>
<html>
    <head>
        <meta charset="utf-8" />
        <title>Measurer</title>
    </head>
    <body>
        <div id="plot" class="container"></div>
        <div id="dataset" style="display:none">{&quot;data&quot;:[{&quot;type&quot;:&quot;box&quot;,&quot;x&quot;:[1,1,1,2,2,2,5,5,5],&quot;y&quot;:[1.0,2.0,3.0,4.0,5.0,6.0,7.0,8.0,9.0],&quot;marker&quot;:{&quot;color&quot;:&quot;rgb(31, 119, 180)&quot;},&quot;outliercolor&quot;:&quot;rgb(31, 119, 180)&quot;,&quot;line&quot;:{&quot;color&quot;:&quot;rgb(31, 119, 180)&quot;},&quot;boxmean&quot;:&quot;sd&quot;,&quot;boxpoints&quot;:&quot;outliers&quot;,&quot;name&quot;:&quot;Case1 (Parameter2=value1, threads=1)&quot;,&quot;legendgroup&quot;:&quot;Case1 (Parameter2=value1, threads=1)&quot;,&quot;offsetgroup&quot;:&quot;Case1 (Parameter2=value1, threads=1)&quot;,&quot;hovertemplate&quot;:&quot;Case=Case1 (Parameter2=value1, threads=1)&lt;br&gt;Parameter1=%{x}&lt;br&gt;Time [s]=%{y}&quot;},{&quot;type&quot;:&quot;box&quot;,&quot;x&quot;:[1,1,1,2,2,2,5,5,5],&quot;y&quot;:[2.0,3.0,4.0,5.0,6.0,7.0,8.0,9.0,10.0],&quot;marker&quot;:{&quot;color&quot;:&quot;rgb(255, 127, 14)&quot;},&quot;outliercolor&quot;:&quot;rgb(255, 127, 14)&quot;,&quot;line&quot;:{&quot;color&quot;:&quot;rgb(255, 127, 14)&quot;},&quot;boxmean&quot;:&quot;sd&quot;,&quot;boxpoints&quot;:&quot;outliers&quot;,&quot;name&quot;:&quot;Case1 (Parameter2=value2, threads=1)&quot;,&quot;legendgroup&quot;:&quot;Case1 (Parameter2=value2, threads=1)&quot;,&quot;offsetgroup&quot;:&quot;Case1 (Parameter2=value2, threads=1)&quot;,&quot;hovertemplate&quot;:&quot;Case=Case1 (Parameter2=value2, threads=1)&lt;br&gt;Parameter1=%{x}&lt;br&gt;Time [s]=%{y}&quot;},{&quot;type&quot;:&quot;box&quot;,&quot;x&quot;:[1,1,1,2,2,2],&quot;y&quot;:[3.0,4.0,5.0,6.0,7.0,8.0],&quot;marker&quot;:{&quot;color&quot;:&quot;rgb(44, 160, 44)&quot;},&quot;outliercolor&quot;:&quot;rgb(44, 160, 44)&quot;,&quot;line&quot;:{&quot;color&quot;:&quot;rgb(44, 160, 44)&quot;},&quot;boxmean&quot;:&quot;sd&quot;,&quot;boxpoints&quot;:&quot;outliers&quot;,&quot;name&quot;:&quot;Case2 (threads=1)&quot;,&quot;legendgroup&quot;:&quot;Case2 (threads=1)&quot;,&quot;offsetgroup&quot;:&quot;Case2 (threads=1)&quot;,&quot;hovertemplate&quot;:&quot;Case=Case2 (threads=1)&lt;br&gt;Parameter1=%{x}&lt;br&gt;Time [s]=%{y}&quot;}],&quot;layout&quot;:{&quot;boxmode&quot;:&quot;group&quot;,&quot;legend&quot;:{&quot;title&quot;:{&quot;text&quot;:&quot;Case&quot;},&quot;tracegroupgap&quot;:0.0},&quot;xaxis&quot;:{&quot;title&quot;:{&quot;text&quot;:&quot;Parameter1&quot;},&quot;type&quot;:&quot;category&quot;},&quot;yaxis&quot;:{&quot;title&quot;:{&quot;text&quot;:&quot;Time [s]&quot;},&quot;type&quot;:&quot;log&quot;},&quot;title&quot;:{&quot;text&quot;:&quot;Measurer&quot;}},&quot;config&quot;:{&quot;scrollZoom&quot;:true,&quot;responsive&quot;:true},&quot;template&quot;:{&quot;data&quot;:[],&quot;layout&quot;:{&quot;title&quot;:{&quot;x&quot;:0.05},&quot;xaxis&quot;:{&quot;showline&quot;:true,&quot;linecolor&quot;:&quot;#242424&quot;,&quot;gridcolor&quot;:&quot;#C8C8C8&quot;,&quot;zerolinecolor&quot;:&quot;#C8C8C8&quot;,&quot;ticks&quot;:&quot;outside&quot;},&quot;yaxis&quot;:{&quot;showline&quot;:true,&quot;linecolor&quot;:&quot;#242424&quot;,&quot;gridcolor&quot;:&quot;#C8C8C8&quot;,&quot;zerolinecolor&quot;:&quot;#C8C8C8&quot;,&quot;ticks&quot;:&quot;outside&quot;}}}}</div>
    </body>
    <style>
        html,
        body,
        .container {
            height: 100%;
            width: 100%;
            margin: 0px;
        }
    </style>
    <script src="https://cdn.jsdelivr.net/npm/mathjax@3.2.2/es5/tex-svg.js"></script>
    <script src="https://cdn.plot.ly/plotly-3.1.0.min.js" charset="utf-8"></script>
    <script type="text/javascript">
        var dataset_str = document.querySelector('#dataset').textContent;
        var dataset = JSON.parse(dataset_str);
        dataset.layout.template = Plotly.makeTemplate(dataset.template);
        Plotly.newPlot("plot", dataset);
    </script>
</html>

