<!DOCTYPE html>
<html>
    <head>
        <meta charset="utf-8" />
        <title>Output1</title>
    </head>
    <body>
        <div id="plot" class="container"></div>
        <div id="dataset" style="display:none">{&quot;data&quot;:[{&quot;type&quot;:&quot;scatter&quot;,&quot;mode&quot;:&quot;lines&quot;,&quot;x&quot;:[1,2],&quot;y&quot;:[1.1,2.2],&quot;error_y&quot;:{&quot;type&quot;:&quot;data&quot;,&quot;array&quot;:[0.5773502691896257,0.5773502691896257],&quot;visible&quot;:true},&quot;name&quot;:&quot;Case1 (Parameter2=value1, threads=1)&quot;},{&quot;type&quot;:&quot;scatter&quot;,&quot;mode&quot;:&quot;lines&quot;,&quot;x&quot;:[1,2],&quot;y&quot;:[3.2999999999999994,4.4],&quot;error_y&quot;:{&quot;type&quot;:&quot;data&quot;,&quot;array&quot;:[0.5773502691896257,0.5773502691896257],&quot;visible&quot;:true},&quot;name&quot;:&quot;Case1 (Parameter2=value2, threads=1)&quot;},{&quot;type&quot;:&quot;scatter&quot;,&quot;mode&quot;:&quot;lines&quot;,&quot;x&quot;:[1,2],&quot;y&quot;:[5.5,6.599999999999999],&quot;error_y&quot;:{&quot;type&quot;:&quot;data&quot;,&quot;array&quot;:[0.5773502691896257,0.5773502691896257],&quot;visible&quot;:true},&quot;name&quot;:&quot;Case2 (threads=1)&quot;}],&quot;layout&quot;:{&quot;title&quot;:{&quot;text&quot;:&quot;Output1&quot;},&quot;showlegend&quot;:true,&quot;xaxis&quot;:{&quot;title&quot;:{&quot;text&quot;:&quot;Parameter1&quot;},&quot;type&quot;:&quot;log&quot;},&quot;yaxis&quot;:{&quot;title&quot;:{&quot;text&quot;:&quot;Output1&quot;},&quot;type&quot;:&quot;log&quot;}},&quot;config&quot;:{&quot;scrollZoom&quot;:true,&quot;responsive&quot;:true},&quot;template&quot;:{&quot;data&quot;:[],&quot;layout&quot;:{&quot;title&quot;:{&quot;x&quot;:0.05},&quot;xaxis&quot;:{&quot;showline&quot;:true,&quot;linecolor&quot;:&quot;#242424&quot;,&quot;gridcolor&quot;:&quot;#C8C8C8&quot;,&quot;zerolinecolor&quot;:&quot;#C8C8C8&quot;,&quot;ticks&quot;:&quot;outside&quot;},&quot;yaxis&quot;:{&quot;showline&quot;:true,&quot;linecolor&quot;:&quot;#242424&quot;,&quot;gridcolor&quot;:&quot;#C8C8C8&quot;,&quot;zerolinecolor&quot;:&quot;#C8C8C8&quot;,&quot;ticks&quot;:&quot;outside&quot;}}}}</div>
    </body>
    <style>
        html,
        body,
        .container {
            height: 100%;
            width: 100%;
            margin: 0px;
        }
    </style>
    <script src="https://cdn.jsdelivr.net/npm/mathjax@3.2.2/es5/tex-svg.js"></script>
    <script src="https://cdn.plot.ly/plotly-3.0.1.min.js" charset="utf-8"></script>
    <script type="text/javascript">
        var dataset_str = document.querySelector('#dataset').textContent;
        var dataset = JSON.parse(dataset_str);
        dataset.layout.template = Plotly.makeTemplate(dataset.template);
        Plotly.newPlot("plot", dataset);
    </script>
</html>

