<!DOCTYPE html>
<html>
    <head>
        <meta charset="utf-8" />
        <title>Measurer</title>
    </head>
    <body>
        <div id="plot" class="container"></div>
        <div id="dataset" style="display:none">{&quot;data&quot;:[{&quot;type&quot;:&quot;box&quot;,&quot;x&quot;:[1,1,1,2,2,2],&quot;y&quot;:[1.0,2.0,3.0,2.0,3.0,4.0],&quot;marker&quot;:{&quot;color&quot;:&quot;#636EFA&quot;},&quot;outliercolor&quot;:&quot;#636EFA&quot;,&quot;line&quot;:{&quot;color&quot;:&quot;#636EFA&quot;},&quot;boxmean&quot;:&quot;sd&quot;,&quot;boxpoints&quot;:&quot;outliers&quot;,&quot;name&quot;:&quot;Case1 (threads=1)&quot;,&quot;legendgroup&quot;:&quot;Case1 (threads=1)&quot;,&quot;offsetgroup&quot;:&quot;Case1 (threads=1)&quot;,&quot;hovertemplate&quot;:&quot;Parameter2=value1&lt;br&gt;Case=Case1 (threads=1)&lt;br&gt;Parameter1=%{x}&lt;br&gt;Time [s]=%{y}&quot;},{&quot;type&quot;:&quot;box&quot;,&quot;x&quot;:[1,1,1,2,2,2],&quot;y&quot;:[7.0,8.0,9.0,8.0,9.0,10.0],&quot;marker&quot;:{&quot;color&quot;:&quot;#636EFA&quot;},&quot;outliercolor&quot;:&quot;#636EFA&quot;,&quot;line&quot;:{&quot;color&quot;:&quot;#636EFA&quot;},&quot;boxmean&quot;:&quot;sd&quot;,&quot;boxpoints&quot;:&quot;outliers&quot;,&quot;name&quot;:&quot;Case1 (threads=1)&quot;,&quot;legendgroup&quot;:&quot;Case1 (threads=1)&quot;,&quot;offsetgroup&quot;:&quot;Case1 (threads=1)&quot;,&quot;hovertemplate&quot;:&quot;Parameter2=value2&lt;br&gt;Case=Case1 (threads=1)&lt;br&gt;Parameter1=%{x}&lt;br&gt;Time [s]=%{y}&quot;,&quot;xaxis&quot;:&quot;x2&quot;,&quot;yaxis&quot;:&quot;y2&quot;,&quot;showlegend&quot;:false}],&quot;layout&quot;:{&quot;grid&quot;:{&quot;rows&quot;:1,&quot;columns&quot;:2,&quot;xgap&quot;:0.1,&quot;ygap&quot;:0.1,&quot;pattern&quot;:&quot;independent&quot;},&quot;legend&quot;:{&quot;title&quot;:{&quot;text&quot;:&quot;Case&quot;},&quot;tracegroupgap&quot;:0.0},&quot;annotations&quot;:[{&quot;xref&quot;:&quot;x domain&quot;,&quot;yref&quot;:&quot;y domain&quot;,&quot;x&quot;:0.5,&quot;y&quot;:1.0,&quot;yshift&quot;:30.0,&quot;showarrow&quot;:false,&quot;align&quot;:&quot;center&quot;,&quot;text&quot;:&quot;Parameter2=value1&quot;},{&quot;xref&quot;:&quot;x2 domain&quot;,&quot;yref&quot;:&quot;y2 domain&quot;,&quot;x&quot;:0.5,&quot;y&quot;:1.0,&quot;yshift&quot;:30.0,&quot;showarrow&quot;:false,&quot;align&quot;:&quot;center&quot;,&quot;text&quot;:&quot;Parameter2=value2&quot;}],&quot;xaxis&quot;:{&quot;title&quot;:{&quot;text&quot;:&quot;Parameter1&quot;},&quot;type&quot;:&quot;category&quot;},&quot;xaxis2&quot;:{&quot;title&quot;:{&quot;text&quot;:&quot;Parameter1&quot;},&quot;matches&quot;:&quot;x&quot;,&quot;type&quot;:&quot;category&quot;},&quot;yaxis&quot;:{&quot;title&quot;:{&quot;text&quot;:&quot;Time [s]&quot;},&quot;type&quot;:&quot;log&quot;},&quot;yaxis2&quot;:{&quot;showticklabels&quot;:false,&quot;matches&quot;:&quot;y&quot;,&quot;type&quot;:&quot;log&quot;},&quot;title&quot;:{&quot;text&quot;:&quot;Measurer&quot;}},&quot;config&quot;:{&quot;scrollZoom&quot;:true,&quot;responsive&quot;:true},&quot;template&quot;:{&quot;data&quot;:[],&quot;layout&quot;:{&quot;title&quot;:{&quot;x&quot;:0.05},&quot;xaxis&quot;:{&quot;showline&quot;:true,&quot;linecolor&quot;:&quot;#242424&quot;,&quot;gridcolor&quot;:&quot;#C8C8C8&quot;,&quot;zerolinecolor&quot;:&quot;#C8C8C8&quot;,&quot;ticks&quot;:&quot;outside&quot;},&quot;yaxis&quot;:{&quot;showline&quot;:true,&quot;linecolor&quot;:&quot;#242424&quot;,&quot;gridcolor&quot;:&quot;#C8C8C8&quot;,&quot;zerolinecolor&quot;:&quot;#C8C8C8&quot;,&quot;ticks&quot;:&quot;outside&quot;}}}}</div>
    </body>
    <style>
        html,
        body,
        .container {
            height: 100%;
            width: 100%;
            margin: 0px;
        }
    </style>
    <script src="https://cdn.jsdelivr.net/npm/mathjax@3.2.2/es5/tex-svg.js"></script>
    <script src="https://cdn.plot.ly/plotly-3.0.1.min.js" charset="utf-8"></script>
    <script type="text/javascript">
        var dataset_str = document.querySelector('#dataset').textContent;
        var dataset = JSON.parse(dataset_str);
        dataset.layout.template = Plotly.makeTemplate(dataset.template);
        Plotly.newPlot("plot", dataset);
    </script>
</html>

