<!DOCTYPE html>
<html>
    <head>
        <meta charset="utf-8" />
        <title>Box Plot with String Parameters</title>
    </head>
    <body>
        <div id="plot" class="container"></div>
        <div id="dataset" style="display:none">{&quot;data&quot;:[{&quot;type&quot;:&quot;box&quot;,&quot;boxpoints&quot;:&quot;outliers&quot;,&quot;boxmean&quot;:&quot;sd&quot;,&quot;x&quot;:[&quot;a&quot;,&quot;a&quot;,&quot;a&quot;,&quot;a&quot;,&quot;a&quot;,&quot;b&quot;,&quot;b&quot;,&quot;b&quot;,&quot;b&quot;,&quot;b&quot;],&quot;y&quot;:[1.0,2.2,2.2,3.3,11.0,330.0,440.0,440.0,550.0,1000.0],&quot;name&quot;:&quot;Box1&quot;},{&quot;type&quot;:&quot;box&quot;,&quot;boxpoints&quot;:&quot;outliers&quot;,&quot;boxmean&quot;:&quot;sd&quot;,&quot;x&quot;:[&quot;a&quot;,&quot;a&quot;,&quot;a&quot;,&quot;a&quot;,&quot;a&quot;,&quot;b&quot;,&quot;b&quot;,&quot;b&quot;,&quot;b&quot;],&quot;y&quot;:[1.0,2.2,2.2,3.3,11.0,3.3,4.4,4.4,5.5],&quot;name&quot;:&quot;Box2&quot;}],&quot;layout&quot;:{&quot;title&quot;:{&quot;text&quot;:&quot;Box Plot with String Parameters&quot;},&quot;showlegend&quot;:true,&quot;xaxis&quot;:{&quot;title&quot;:{&quot;text&quot;:&quot;X&quot;},&quot;type&quot;:&quot;category&quot;},&quot;yaxis&quot;:{&quot;title&quot;:{&quot;text&quot;:&quot;Y&quot;},&quot;type&quot;:&quot;log&quot;},&quot;boxmode&quot;:&quot;group&quot;},&quot;config&quot;:{&quot;scrollZoom&quot;:true,&quot;responsive&quot;:true},&quot;template&quot;:{&quot;data&quot;:[],&quot;layout&quot;:{&quot;title&quot;:{&quot;x&quot;:0.05},&quot;xaxis&quot;:{&quot;showline&quot;:true,&quot;linecolor&quot;:&quot;#242424&quot;,&quot;gridcolor&quot;:&quot;#C8C8C8&quot;,&quot;zerolinecolor&quot;:&quot;#C8C8C8&quot;,&quot;ticks&quot;:&quot;outside&quot;},&quot;yaxis&quot;:{&quot;showline&quot;:true,&quot;linecolor&quot;:&quot;#242424&quot;,&quot;gridcolor&quot;:&quot;#C8C8C8&quot;,&quot;zerolinecolor&quot;:&quot;#C8C8C8&quot;,&quot;ticks&quot;:&quot;outside&quot;}}}}</div>
    </body>
    <style>
        html,
        body,
        .container {
            height: 100%;
            width: 100%;
            margin: 0px;
        }
    </style>
    <script src="https://cdn.jsdelivr.net/npm/mathjax@3.2.2/es5/tex-svg.js"></script>
    <script src="https://cdn.plot.ly/plotly-3.0.1.min.js" charset="utf-8"></script>
    <script type="text/javascript">
        var dataset_str = document.querySelector('#dataset').textContent;
        var dataset = JSON.parse(dataset_str);
        dataset.layout.template = Plotly.makeTemplate(dataset.template);
        Plotly.newPlot("plot", dataset);
    </script>
</html>

