<!DOCTYPE html>
<html>
    <head>
        <meta charset="utf-8" />
        <title>Line Plot with Error</title>
    </head>
    <body>
        <div id="plot" class="container"></div>
        <div id="dataset" style="display:none">{&quot;data&quot;:[{&quot;type&quot;:&quot;scatter&quot;,&quot;mode&quot;:&quot;lines&quot;,&quot;x&quot;:[1.0,2.0,3.0],&quot;y&quot;:[1.1,2.2,3.3],&quot;error_x&quot;:{&quot;type&quot;:&quot;data&quot;,&quot;array&quot;:[0.1,0.2,0.3],&quot;visible&quot;:true},&quot;name&quot;:&quot;Line1&quot;},{&quot;type&quot;:&quot;scatter&quot;,&quot;mode&quot;:&quot;lines&quot;,&quot;x&quot;:[2.0,3.0,4.0],&quot;y&quot;:[3.3,4.4,5.5],&quot;error_x&quot;:{&quot;type&quot;:&quot;data&quot;,&quot;array&quot;:[0.3,0.4,0.5],&quot;visible&quot;:true},&quot;name&quot;:&quot;Line2&quot;}],&quot;layout&quot;:{&quot;title&quot;:{&quot;text&quot;:&quot;Line Plot with Error&quot;},&quot;showlegend&quot;:true,&quot;xaxis&quot;:{&quot;title&quot;:{&quot;text&quot;:&quot;X&quot;},&quot;type&quot;:&quot;log&quot;},&quot;yaxis&quot;:{&quot;title&quot;:{&quot;text&quot;:&quot;Y&quot;}}},&quot;config&quot;:{&quot;scrollZoom&quot;:true,&quot;responsive&quot;:true}}</div>
    </body>
    <style>
        html,
        body,
        .container {
            height: 100%;
            width: 100%;
            margin: 0px;
        }
    </style>
    <script src="https://cdn.jsdelivr.net/npm/mathjax@3.2.2/es5/tex-svg.js"></script>
    <script src="https://cdn.plot.ly/plotly-3.0.1.min.js" charset="utf-8"></script>
    <script type="text/javascript">
        var dataset_str = document.querySelector('#dataset').textContent;
        var dataset = JSON.parse(dataset_str);
        Plotly.newPlot("plot", dataset.data, dataset.layout, dataset.config);
    </script>
</html>

