<!DOCTYPE html>
<html>

<head>
    <meta charset="utf-8" />
    <title>Violin Plot with String Parameters</title>
    <style>
        html,
        body,
        .container {
            height: 100%;
            width: 100%;
            margin: 0px;
        }
    </style>
</head>

<body>
    <div id="plot" class="container"></div>

    <!-- Import Plotly -->
    <script src="https://cdn.plot.ly/plotly-2.35.3.min.js" charset="utf-8"></script>

    <div id="dataset" style="display:none">
        {&quot;config&quot;:{&quot;responsive&quot;:true,&quot;scrollZoom&quot;:true},&quot;data&quot;:[{&quot;box&quot;:{&quot;visible&quot;:true},&quot;legendgroup&quot;:&quot;Violin1&quot;,&quot;meanline&quot;:{&quot;visible&quot;:true},&quot;name&quot;:&quot;Violin1&quot;,&quot;points&quot;:&quot;outliers&quot;,&quot;type&quot;:&quot;violin&quot;,&quot;x&quot;:[&quot;a&quot;,&quot;a&quot;,&quot;a&quot;,&quot;a&quot;,&quot;a&quot;,&quot;b&quot;,&quot;b&quot;,&quot;b&quot;,&quot;b&quot;,&quot;b&quot;],&quot;y&quot;:[1.0,2.2,2.2,3.3,11.0,330.0,440.0,440.0,550.0,1000.0]},{&quot;box&quot;:{&quot;visible&quot;:true},&quot;legendgroup&quot;:&quot;Violin2&quot;,&quot;meanline&quot;:{&quot;visible&quot;:true},&quot;name&quot;:&quot;Violin2&quot;,&quot;points&quot;:&quot;outliers&quot;,&quot;type&quot;:&quot;violin&quot;,&quot;x&quot;:[&quot;a&quot;,&quot;a&quot;,&quot;a&quot;,&quot;a&quot;,&quot;a&quot;,&quot;b&quot;,&quot;b&quot;,&quot;b&quot;,&quot;b&quot;],&quot;y&quot;:[1.0,2.2,2.2,3.3,11.0,3.3,4.4,4.4,5.5]}],&quot;layout&quot;:{&quot;layout&quot;:{&quot;showlegend&quot;:true},&quot;title&quot;:&quot;Violin Plot with String Parameters&quot;,&quot;violinmode&quot;:&quot;group&quot;,&quot;xaxis&quot;:{&quot;title&quot;:&quot;X&quot;,&quot;type&quot;:&quot;category&quot;},&quot;yaxis&quot;:{&quot;constrain&quot;:&quot;range&quot;,&quot;range&quot;:[-0.17,3.17],&quot;title&quot;:&quot;Y&quot;,&quot;type&quot;:&quot;log&quot;}}}
    </div>

    <script type="text/javascript">
        var dataset_str = document.querySelector('#dataset').textContent
        var dataset = JSON.parse(dataset_str);

        Plotly.newPlot("plot", dataset.data, dataset.layout, dataset.config);
    </script>
</body>

</html>

