<!DOCTYPE html>
<html>
    <head>
        <meta charset="utf-8" />
        <title>Log Violin Plot</title>
    </head>
    <body>
        <div id="plot" class="container"></div>
        <div id="dataset" style="display:none">{&quot;data&quot;:[{&quot;type&quot;:&quot;violin&quot;,&quot;box&quot;:{&quot;visible&quot;:true},&quot;meanline&quot;:{&quot;visible&quot;:true},&quot;points&quot;:&quot;outliers&quot;,&quot;y&quot;:[1.0,2.2,2.2,3.3,11.0],&quot;name&quot;:&quot;Violin1&quot;,&quot;legendgroup&quot;:&quot;Violin1&quot;},{&quot;type&quot;:&quot;violin&quot;,&quot;box&quot;:{&quot;visible&quot;:true},&quot;meanline&quot;:{&quot;visible&quot;:true},&quot;points&quot;:&quot;outliers&quot;,&quot;y&quot;:[330.0,440.0,440.0,550.0,1000.0],&quot;name&quot;:&quot;Violin2&quot;,&quot;legendgroup&quot;:&quot;Violin2&quot;}],&quot;layout&quot;:{&quot;title&quot;:{&quot;text&quot;:&quot;Log Violin Plot&quot;},&quot;showlegend&quot;:true,&quot;xaxis&quot;:{&quot;title&quot;:{&quot;text&quot;:&quot;X&quot;}},&quot;yaxis&quot;:{&quot;title&quot;:{&quot;text&quot;:&quot;Y&quot;},&quot;type&quot;:&quot;log&quot;,&quot;range&quot;:[-0.17,3.17],&quot;constrain&quot;:&quot;range&quot;}},&quot;config&quot;:{&quot;scrollZoom&quot;:true,&quot;responsive&quot;:true}}</div>
    </body>
    <style>
        html,
        body,
        .container {
            height: 100%;
            width: 100%;
            margin: 0px;
        }
    </style>
    <script src="https://cdn.jsdelivr.net/npm/mathjax@3.2.2/es5/tex-svg.js"></script>
    <script src="https://cdn.plot.ly/plotly-3.0.1.min.js" charset="utf-8"></script>
    <script type="text/javascript">
        var dataset_str = document.querySelector('#dataset').textContent;
        var dataset = JSON.parse(dataset_str);
        Plotly.newPlot("plot", dataset.data, dataset.layout, dataset.config);
    </script>
</html>

