<!DOCTYPE html>
<html>
    <head>
        <meta charset="utf-8" />
        <title>Output1</title>
    </head>
    <body>
        <div id="plot" class="container"></div>
        <div id="dataset" style="display:none">{&quot;data&quot;:[{&quot;type&quot;:&quot;scatter&quot;,&quot;mode&quot;:&quot;lines&quot;,&quot;x&quot;:[2.0,5.0],&quot;y&quot;:[1.1,2.2],&quot;error_x&quot;:{&quot;array&quot;:[0.5773502691896257,0.5773502691896257],&quot;symmetric&quot;:true,&quot;type&quot;:&quot;data&quot;,&quot;visible&quot;:true},&quot;error_y&quot;:{&quot;array&quot;:[0.5773502691896257,0.5773502691896257],&quot;symmetric&quot;:true,&quot;type&quot;:&quot;data&quot;,&quot;visible&quot;:true},&quot;text&quot;:[&quot;&lt;br&gt;Parameter1=1&quot;,&quot;&lt;br&gt;Parameter1=2&quot;],&quot;marker&quot;:{&quot;color&quot;:&quot;#636EFA&quot;},&quot;line&quot;:{&quot;color&quot;:&quot;#636EFA&quot;,&quot;dash&quot;:&quot;solid&quot;},&quot;name&quot;:&quot;Case1 (Parameter2=value1, threads=1)&quot;,&quot;legendgroup&quot;:&quot;Case1 (Parameter2=value1, threads=1)&quot;,&quot;hovertemplate&quot;:&quot;Case=Case1 (Parameter2=value1, threads=1)&lt;br&gt;Time [s]=%{x}&lt;br&gt;Output1=%{y}%{text}&quot;},{&quot;type&quot;:&quot;scatter&quot;,&quot;mode&quot;:&quot;lines&quot;,&quot;x&quot;:[3.0,6.0],&quot;y&quot;:[3.2999999999999994,4.4],&quot;error_x&quot;:{&quot;array&quot;:[0.5773502691896257,0.5773502691896257],&quot;symmetric&quot;:true,&quot;type&quot;:&quot;data&quot;,&quot;visible&quot;:true},&quot;error_y&quot;:{&quot;array&quot;:[0.5773502691896257,0.5773502691896257],&quot;symmetric&quot;:true,&quot;type&quot;:&quot;data&quot;,&quot;visible&quot;:true},&quot;text&quot;:[&quot;&lt;br&gt;Parameter1=1&quot;,&quot;&lt;br&gt;Parameter1=2&quot;],&quot;marker&quot;:{&quot;color&quot;:&quot;#EF553B&quot;},&quot;line&quot;:{&quot;color&quot;:&quot;#EF553B&quot;,&quot;dash&quot;:&quot;solid&quot;},&quot;name&quot;:&quot;Case1 (Parameter2=value2, threads=1)&quot;,&quot;legendgroup&quot;:&quot;Case1 (Parameter2=value2, threads=1)&quot;,&quot;hovertemplate&quot;:&quot;Case=Case1 (Parameter2=value2, threads=1)&lt;br&gt;Time [s]=%{x}&lt;br&gt;Output1=%{y}%{text}&quot;},{&quot;type&quot;:&quot;scatter&quot;,&quot;mode&quot;:&quot;lines&quot;,&quot;x&quot;:[4.0,7.0],&quot;y&quot;:[5.5,6.599999999999999],&quot;error_x&quot;:{&quot;array&quot;:[0.5773502691896257,0.5773502691896257],&quot;symmetric&quot;:true,&quot;type&quot;:&quot;data&quot;,&quot;visible&quot;:true},&quot;error_y&quot;:{&quot;array&quot;:[0.5773502691896257,0.5773502691896257],&quot;symmetric&quot;:true,&quot;type&quot;:&quot;data&quot;,&quot;visible&quot;:true},&quot;text&quot;:[&quot;&lt;br&gt;Parameter1=1&quot;,&quot;&lt;br&gt;Parameter1=2&quot;],&quot;marker&quot;:{&quot;color&quot;:&quot;#00CC96&quot;},&quot;line&quot;:{&quot;color&quot;:&quot;#00CC96&quot;,&quot;dash&quot;:&quot;solid&quot;},&quot;name&quot;:&quot;Case2 (threads=1)&quot;,&quot;legendgroup&quot;:&quot;Case2 (threads=1)&quot;,&quot;hovertemplate&quot;:&quot;Case=Case2 (threads=1)&lt;br&gt;Time [s]=%{x}&lt;br&gt;Output1=%{y}%{text}&quot;}],&quot;layout&quot;:{&quot;legend&quot;:{&quot;title&quot;:{&quot;text&quot;:&quot;Case&quot;},&quot;tracegroupgap&quot;:0.0},&quot;xaxis&quot;:{&quot;title&quot;:{&quot;text&quot;:&quot;Time [s]&quot;},&quot;type&quot;:&quot;log&quot;},&quot;yaxis&quot;:{&quot;title&quot;:{&quot;text&quot;:&quot;Output1&quot;}},&quot;title&quot;:{&quot;text&quot;:&quot;Output1&quot;}},&quot;config&quot;:{&quot;scrollZoom&quot;:true,&quot;responsive&quot;:true},&quot;template&quot;:{&quot;data&quot;:[],&quot;layout&quot;:{&quot;title&quot;:{&quot;x&quot;:0.05},&quot;xaxis&quot;:{&quot;showline&quot;:true,&quot;linecolor&quot;:&quot;#242424&quot;,&quot;gridcolor&quot;:&quot;#C8C8C8&quot;,&quot;zerolinecolor&quot;:&quot;#C8C8C8&quot;,&quot;ticks&quot;:&quot;outside&quot;},&quot;yaxis&quot;:{&quot;showline&quot;:true,&quot;linecolor&quot;:&quot;#242424&quot;,&quot;gridcolor&quot;:&quot;#C8C8C8&quot;,&quot;zerolinecolor&quot;:&quot;#C8C8C8&quot;,&quot;ticks&quot;:&quot;outside&quot;}}}}</div>
    </body>
    <style>
        html,
        body,
        .container {
            height: 100%;
            width: 100%;
            margin: 0px;
        }
    </style>
    <script src="https://cdn.jsdelivr.net/npm/mathjax@3.2.2/es5/tex-svg.js"></script>
    <script src="https://cdn.plot.ly/plotly-3.0.1.min.js" charset="utf-8"></script>
    <script type="text/javascript">
        var dataset_str = document.querySelector('#dataset').textContent;
        var dataset = JSON.parse(dataset_str);
        dataset.layout.template = Plotly.makeTemplate(dataset.template);
        Plotly.newPlot("plot", dataset);
    </script>
</html>

