<!DOCTYPE html>
<html>

<head>
    <meta charset="utf-8" />
    <title>Output1</title>
    <style>
        html,
        body,
        .container {
            height: 100%;
            width: 100%;
            margin: 0px;
        }
    </style>
</head>

<body>
    <div id="plot" class="container"></div>

    <!-- Import Plotly -->
    <script src="https://cdn.plot.ly/plotly-2.35.3.min.js" charset="utf-8"></script>

    <div id="dataset" style="display:none">
        {&quot;config&quot;:{&quot;responsive&quot;:true,&quot;scrollZoom&quot;:true},&quot;data&quot;:[{&quot;error_x&quot;:{&quot;array&quot;:[0.5773502691896257,0.5773502691896257],&quot;type&quot;:&quot;data&quot;,&quot;visible&quot;:true},&quot;mode&quot;:&quot;lines&quot;,&quot;name&quot;:&quot;Case1 (Parameter2=value1, threads=1)&quot;,&quot;text&quot;:[&quot;Parameter1=1&quot;,&quot;Parameter1=2&quot;],&quot;type&quot;:&quot;scatter&quot;,&quot;x&quot;:[2.0,5.0],&quot;y&quot;:[1.1,2.2]},{&quot;error_x&quot;:{&quot;array&quot;:[0.5773502691896257,0.5773502691896257],&quot;type&quot;:&quot;data&quot;,&quot;visible&quot;:true},&quot;mode&quot;:&quot;lines&quot;,&quot;name&quot;:&quot;Case1 (Parameter2=value2, threads=1)&quot;,&quot;text&quot;:[&quot;Parameter1=1&quot;,&quot;Parameter1=2&quot;],&quot;type&quot;:&quot;scatter&quot;,&quot;x&quot;:[3.0,6.0],&quot;y&quot;:[3.3,4.4]},{&quot;error_x&quot;:{&quot;array&quot;:[0.5773502691896257,0.5773502691896257],&quot;type&quot;:&quot;data&quot;,&quot;visible&quot;:true},&quot;mode&quot;:&quot;lines&quot;,&quot;name&quot;:&quot;Case2 (threads=1)&quot;,&quot;text&quot;:[&quot;Parameter1=1&quot;,&quot;Parameter1=2&quot;],&quot;type&quot;:&quot;scatter&quot;,&quot;x&quot;:[4.0,7.0],&quot;y&quot;:[5.5,6.6]}],&quot;layout&quot;:{&quot;layout&quot;:{&quot;showlegend&quot;:true},&quot;title&quot;:&quot;Output1&quot;,&quot;xaxis&quot;:{&quot;title&quot;:&quot;Time [sec]&quot;,&quot;type&quot;:&quot;log&quot;},&quot;yaxis&quot;:{&quot;title&quot;:&quot;Output1&quot;,&quot;type&quot;:&quot;-&quot;}}}
    </div>

    <script type="text/javascript">
        var dataset_str = document.querySelector('#dataset').textContent
        var dataset = JSON.parse(dataset_str);

        Plotly.newPlot("plot", dataset.data, dataset.layout, dataset.config);
    </script>
</body>

</html>

